resp: received Hello
resp: received Noise
resp: received Protocol
